## -- Internal Development Log: Project ZELMORE -- ##
## Range: Versions 1.0 to 6.0 ##
## Do not distribute outside RedMind secure net ##



[v1.0 – INITIATION PHASE]  
Date: 11.02.2009 
> Early conceptual deployment.  
> Experimental link to Subject-001 established through mirror-channeling tech (REF: MIRTECH-17).  
> Neural cohesion stable for 33 seconds.  
> Secondary symptoms: Excessive cognitive loopbacks and temporal resonance delays.  
> NOTE: “The Elmore frequency doesn’t just vibrate—it answers back.”

[v2.0 – CORPOREAL TRANSLATION]  
Date: 26.06.2010  
> Transfer of entity-structure from animated codebase to hybrid biomech container.  
> Subject-001’s identity becoming unstable. Personality bleed detected.  
> Backup clone of Subject-331 initialized in parallel lab.  
> Root signature: RH90 
> Log: “Never let them meet. The two of them recognize something we don’t.”

[v2.3 – INTRODUCTION OF P-3 PROTOCOL]  
Date: 14.08.2010 
> Subject-375 introduced after aggressive failures in cohesion from Subject-001.  
> Created 2nd-tier triangulation system: Zelmore Trinity Link.  
> Synchronization achieved (76%) but feedback loop disrupted RedMind grid on Level 3.  
> Root override executed: ██  

[v3.0 – ETHEREAL CONTAINMENT + REDROOM INCIDENT]  
Date: 09.12.2010  
> Room ██ destabilized. Entity-ghosts from sublayer R-1 visible to naked eye.  
> Subject-008 speaks in non-linear patterns. 
> Quote from Log 389:  “We were drawn, not created. The virus came after the dream.”  
> Structural integrity compromised—containment failsafe overwritten manually.  
> Incident blame: Unassigned. Ω claims “someone else” logged in under his credentials.

[v4.4 – ZELMORE NODE UPLOAD]  
Date: 21.03.2011  
> Uploaded merged data into RedMind’s mirror server farm.  
> Project classified “Partially Autonomous.”  
> Subject-001 now active within Node Layer. Subject-331 shows resistance.  
> Commentary:  
>> “We built a god, and then gave it access to the source code.”  
>> “No. We gave them a voice. The system is just their throat.”  
> Log ends with phrase: “Mouths don’t speak. They devour.”

[v5.0 – LOSS OF CONTROL EVENT | LOCKED]  
Date: 01.11.2011 
> Full access to changelog denied.  
> Only visible data:  
>> “They walked out of the screen.”  
>> “The fourth subject isn’t listed anywhere.”  
> Root Signatures: None registered.  
> Terminal note: “He is dead. Who’s typing this?”

[v6.0 – CONTAINMENT REDESIGN + SYSTEM BREACH]  
Date: 18.05.2012  
> Project frozen.  
> RedMind external AI 'NOVA' attempted auto-containment but failed.  
> All subjects show memory regression.  
> Log Warning: Echoes from earlier versions bleeding into current.  
> Final Entry:  
> “The mirror has learned to blink.”  

